# Find a path with Dijkstra's algorithm when
# the paths tested don't exist

created graph simpleGraph

added node A to simpleGraph
added node B to simpleGraph

added edge 10.000 from A to B in simpleGraph


unknown: C
unknown: B